
> miaoda-react-admin@0.0.1 build
> tsc -b && vite build

src/components/common/Footer.tsx(4,9): error TS6133: 'currentYear' is declared but its value is never read.
src/components/ui/map-cn.tsx(142,5): error TS18047: 'map' is possibly 'null'.
src/components/ui/map-cn.tsx(150,5): error TS18047: 'map' is possibly 'null'.
src/components/ui/map-cn.tsx(154,5): error TS18047: 'map' is possibly 'null'.
src/components/ui/qrcodedataurl.tsx(15,20): error TS7016: Could not find a declaration file for module 'qrcode'. 'C:/Users/lalit/Desktop/Hackathon Tools/Hackathons/Alkimi Hackathon/MintLP/node_modules/qrcode/lib/index.js' implicitly has an 'any' type.
  Try `npm i --save-dev @types/qrcode` if it exists or add a new declaration (.d.ts) file containing `declare module 'qrcode';`
src/components/ui/video.tsx(87,6): error TS2304: Cannot find name 'Player'.
src/components/ui/video.tsx(105,10): error TS2741: Property 'actions' is missing in type '{ key: string; }' but required in type 'FullScreenToggleProps'.
src/components/ui/video.tsx(108,7): error TS2304: Cannot find name 'Player'.
src/contexts/AMMContext.tsx(1,8): error TS6133: 'React' is declared but its value is never read.
src/contexts/AptosWalletContext.tsx(1,8): error TS6133: 'React' is declared but its value is never read.
src/contexts/AptosWalletContext.tsx(5,7): error TS7034: Variable 'wallets' implicitly has type 'any[]' in some locations where its type cannot be determined.
src/contexts/AptosWalletContext.tsx(9,33): error TS2322: Type '{ children: ReactNode; plugins: any[]; autoConnect: true; }' is not assignable to type 'IntrinsicAttributes & AptosWalletProviderProps'.
  Property 'plugins' does not exist on type 'IntrinsicAttributes & AptosWalletProviderProps'.
src/contexts/AptosWalletContext.tsx(9,42): error TS7005: Variable 'wallets' implicitly has an 'any[]' type.
src/pages/PoolDetailPage.tsx(41,92): error TS18048: 'pool.tokenA.priceUSD' is possibly 'undefined'.
src/pages/PoolDetailPage.tsx(42,92): error TS18048: 'pool.tokenB.priceUSD' is possibly 'undefined'.
src/pages/PoolsPage.tsx(5,1): error TS6133: 'Button' is declared but its value is never read.
src/pages/PositionDetailPage.tsx(104,112): error TS18048: 'position.pool.tokenA.priceUSD' is possibly 'undefined'.
src/pages/PositionDetailPage.tsx(105,93): error TS18048: 'position.pool.tokenB.priceUSD' is possibly 'undefined'.
src/services/ammMath.ts(1,19): error TS6133: 'PoolType' is declared but its value is never read.
src/services/ammMath.ts(63,5): error TS6133: 'reserveB' is declared but its value is never read.
src/services/aptosClient.ts(2,1): error TS6133: 'NETWORK' is declared but its value is never read.
src/services/liquidityService.ts(1,10): error TS6133: 'Token' is declared but its value is never read.
src/services/liquidityService.ts(3,1): error TS6133: 'PoolService' is declared but its value is never read.
src/services/swapService.ts(10,5): error TS6133: 'slippageSettings' is declared but its value is never read.
src/services/swapService.ts(97,5): error TS6133: 'slippageSettings' is declared but its value is never read.
src/services/swapService.ts(141,5): error TS6133: 'inputAmount' is declared but its value is never read.
vite.config.ts(11,5): error TS2769: No overload matches this call.
  The last overload gave the following error.
    Type '(Plugin<any> | { name: string; enforce: string; buildStart(): void; transform(code: string, id: string): Promise<void>; configureServer(server: any): void; } | { ...; })[]' is not assignable to type 'PluginOption'.
      Type '(Plugin<any> | { name: string; enforce: string; buildStart(): void; transform(code: string, id: string): Promise<void>; configureServer(server: any): void; } | { ...; })[]' is not assignable to type 'PluginOption[]'.
        Type 'Plugin<any> | { name: string; enforce: string; buildStart(): void; transform(code: string, id: string): Promise<void>; configureServer(server: any): void; } | { ...; }' is not assignable to type 'PluginOption'.
          Type '{ name: string; enforce: string; buildStart(): void; transform(code: string, id: string): Promise<void>; configureServer(server: any): void; }' is not assignable to type 'PluginOption'.
            Type '{ name: string; enforce: string; buildStart(): void; transform(code: string, id: string): Promise<void>; configureServer(server: any): void; }' is not assignable to type 'Plugin<any>'.
              Types of property 'enforce' are incompatible.
                Type 'string' is not assignable to type '"pre" | "post" | undefined'.
